
Memory Configuration

Name             Origin             Length             Attributes
FLASH            0x08000000         0x00100000         xr
RAM              0x20000000         0x00020000         xrw
CCMRAM           0x10000000         0x00010000         rw
*default*        0x00000000         0xffffffff

Linker script and memory map

                0x20020000                _estack = 0x20020000
                0x00000200                _Min_Heap_Size = 0x200
                0x00000400                _Min_Stack_Size = 0x400

.isr_vector     0x08000000      0x188
                0x08000000                . = ALIGN (0x4)
 *(.isr_vector)
 .isr_vector    0x08000000      0x188 E:/Make/BlynkLed/out/startup_stm32f40xx.o
                0x08000000                g_pfnVectors
                0x08000188                . = ALIGN (0x4)

.text           0x08000188      0x180
                0x08000188                . = ALIGN (0x4)
 *(.text)
 .text          0x08000188      0x128 E:/Make/BlynkLed/out/main.o
                0x08000188                delay
                0x080001b8                GPIO_Config
                0x0800020c                Blynk_All
                0x080002a0                main
 .text          0x080002b0       0x14 E:/Make/BlynkLed/out/startup_stm32f40xx.o
 *(.text*)
 .text.Reset_Handler
                0x080002c4       0x40 E:/Make/BlynkLed/out/startup_stm32f40xx.o
                0x080002c4                Reset_Handler
 .text.Default_Handler
                0x08000304        0x2 E:/Make/BlynkLed/out/startup_stm32f40xx.o
                0x08000304                RTC_Alarm_IRQHandler
                0x08000304                HASH_RNG_IRQHandler
                0x08000304                EXTI2_IRQHandler
                0x08000304                TIM8_CC_IRQHandler
                0x08000304                DebugMon_Handler
                0x08000304                TIM1_CC_IRQHandler
                0x08000304                DMA2_Stream5_IRQHandler
                0x08000304                HardFault_Handler
                0x08000304                DMA1_Stream5_IRQHandler
                0x08000304                SysTick_Handler
                0x08000304                PVD_IRQHandler
                0x08000304                SDIO_IRQHandler
                0x08000304                TAMP_STAMP_IRQHandler
                0x08000304                PendSV_Handler
                0x08000304                NMI_Handler
                0x08000304                CAN2_RX1_IRQHandler
                0x08000304                EXTI3_IRQHandler
                0x08000304                TIM8_TRG_COM_TIM14_IRQHandler
                0x08000304                TIM1_UP_TIM10_IRQHandler
                0x08000304                TIM8_UP_TIM13_IRQHandler
                0x08000304                I2C3_ER_IRQHandler
                0x08000304                EXTI0_IRQHandler
                0x08000304                I2C2_EV_IRQHandler
                0x08000304                DMA1_Stream2_IRQHandler
                0x08000304                CAN1_RX0_IRQHandler
                0x08000304                FPU_IRQHandler
                0x08000304                OTG_HS_WKUP_IRQHandler
                0x08000304                UsageFault_Handler
                0x08000304                CAN2_SCE_IRQHandler
                0x08000304                DMA2_Stream2_IRQHandler
                0x08000304                SPI1_IRQHandler
                0x08000304                TIM6_DAC_IRQHandler
                0x08000304                TIM1_BRK_TIM9_IRQHandler
                0x08000304                DCMI_IRQHandler
                0x08000304                CAN2_RX0_IRQHandler
                0x08000304                DMA2_Stream3_IRQHandler
                0x08000304                USART6_IRQHandler
                0x08000304                USART3_IRQHandler
                0x08000304                CRYP_IRQHandler
                0x08000304                CAN1_RX1_IRQHandler
                0x08000304                UART5_IRQHandler
                0x08000304                DMA2_Stream0_IRQHandler
                0x08000304                TIM4_IRQHandler
                0x08000304                I2C1_EV_IRQHandler
                0x08000304                DMA1_Stream6_IRQHandler
                0x08000304                DMA1_Stream1_IRQHandler
                0x08000304                UART4_IRQHandler
                0x08000304                TIM3_IRQHandler
                0x08000304                RCC_IRQHandler
                0x08000304                TIM8_BRK_TIM12_IRQHandler
                0x08000304                Default_Handler
                0x08000304                EXTI15_10_IRQHandler
                0x08000304                ADC_IRQHandler
                0x08000304                DMA1_Stream7_IRQHandler
                0x08000304                TIM7_IRQHandler
                0x08000304                CAN2_TX_IRQHandler
                0x08000304                TIM5_IRQHandler
                0x08000304                DMA2_Stream7_IRQHandler
                0x08000304                I2C3_EV_IRQHandler
                0x08000304                EXTI9_5_IRQHandler
                0x08000304                RTC_WKUP_IRQHandler
                0x08000304                ETH_WKUP_IRQHandler
                0x08000304                SPI2_IRQHandler
                0x08000304                OTG_HS_EP1_IN_IRQHandler
                0x08000304                MemManage_Handler
                0x08000304                DMA1_Stream0_IRQHandler
                0x08000304                CAN1_TX_IRQHandler
                0x08000304                SVC_Handler
                0x08000304                EXTI4_IRQHandler
                0x08000304                FSMC_IRQHandler
                0x08000304                ETH_IRQHandler
                0x08000304                OTG_HS_EP1_OUT_IRQHandler
                0x08000304                WWDG_IRQHandler
                0x08000304                TIM2_IRQHandler
                0x08000304                OTG_FS_WKUP_IRQHandler
                0x08000304                TIM1_TRG_COM_TIM11_IRQHandler
                0x08000304                OTG_HS_IRQHandler
                0x08000304                EXTI1_IRQHandler
                0x08000304                USART2_IRQHandler
                0x08000304                I2C2_ER_IRQHandler
                0x08000304                DMA2_Stream1_IRQHandler
                0x08000304                CAN1_SCE_IRQHandler
                0x08000304                FLASH_IRQHandler
                0x08000304                DMA2_Stream4_IRQHandler
                0x08000304                BusFault_Handler
                0x08000304                USART1_IRQHandler
                0x08000304                OTG_FS_IRQHandler
                0x08000304                SPI3_IRQHandler
                0x08000304                DMA1_Stream4_IRQHandler
                0x08000304                I2C1_ER_IRQHandler
                0x08000304                DMA2_Stream6_IRQHandler
                0x08000304                DMA1_Stream3_IRQHandler
 *(.glue_7)
 .glue_7        0x08000306        0x0 linker stubs
 *(.glue_7t)
 .glue_7t       0x08000306        0x0 linker stubs
 *(.eh_frame)
 *(.init)
 *(.fini)
                0x08000308                . = ALIGN (0x4)
 *fill*         0x08000306        0x2 
                0x08000308                _etext = .

.vfp11_veneer   0x08000308        0x0
 .vfp11_veneer  0x08000308        0x0 linker stubs

.v4_bx          0x08000308        0x0
 .v4_bx         0x08000308        0x0 linker stubs

.iplt           0x08000308        0x0
 .iplt          0x08000308        0x0 E:/Make/BlynkLed/out/main.o

.rel.dyn        0x08000308        0x0
 .rel.iplt      0x08000308        0x0 E:/Make/BlynkLed/out/main.o

.rodata         0x08000308        0x0
                0x08000308                . = ALIGN (0x4)
 *(.rodata)
 *(.rodata*)
                0x08000308                . = ALIGN (0x4)

.ARM.extab
 *(.ARM.extab* .gnu.linkonce.armextab.*)

.ARM            0x08000308        0x0
                0x08000308                __exidx_start = .
 *(.ARM.exidx*)
                0x08000308                __exidx_end = .

.preinit_array  0x08000308        0x0
                [!provide]                PROVIDE (__preinit_array_start = .)
 *(.preinit_array*)
                [!provide]                PROVIDE (__preinit_array_end = .)

.init_array     0x08000308        0x0
                [!provide]                PROVIDE (__init_array_start = .)
 *(SORT_BY_NAME(.init_array.*))
 *(.init_array*)
                [!provide]                PROVIDE (__init_array_end = .)

.fini_array     0x08000308        0x0
                [!provide]                PROVIDE (__fini_array_start = .)
 *(SORT_BY_NAME(.fini_array.*))
 *(.fini_array*)
                [!provide]                PROVIDE (__fini_array_end = .)
                0x08000308                _sidata = LOADADDR (.data)

.data           0x20000000        0x0 load address 0x08000308
                0x20000000                . = ALIGN (0x4)
                0x20000000                _sdata = .
 *(.data)
 .data          0x20000000        0x0 E:/Make/BlynkLed/out/main.o
 .data          0x20000000        0x0 E:/Make/BlynkLed/out/startup_stm32f40xx.o
 *(.data*)
                0x20000000                . = ALIGN (0x4)
                0x20000000                _edata = .
                0x08000308                _siccmram = LOADADDR (.ccmram)

.igot.plt       0x20000000        0x0 load address 0x08000308
 .igot.plt      0x20000000        0x0 E:/Make/BlynkLed/out/main.o

.ccmram         0x10000000        0x0 load address 0x08000308
                0x10000000                . = ALIGN (0x4)
                0x10000000                _sccmram = .
 *(.ccmram)
 *(.ccmram*)
                0x10000000                . = ALIGN (0x4)
                0x10000000                _eccmram = .
                0x10000000                . = ALIGN (0x4)

.bss            0x20000000        0x0
                0x20000000                _sbss = .
                0x20000000                __bss_start__ = _sbss
 *(.bss)
 .bss           0x20000000        0x0 E:/Make/BlynkLed/out/main.o
 .bss           0x20000000        0x0 E:/Make/BlynkLed/out/startup_stm32f40xx.o
 *(.bss*)
 *(COMMON)
                0x20000000                . = ALIGN (0x4)
                0x20000000                _ebss = .
                0x20000000                __bss_end__ = _ebss

._user_heap_stack
                0x20000000      0x600
                0x20000000                . = ALIGN (0x8)
                [!provide]                PROVIDE (end = .)
                [!provide]                PROVIDE (_end = .)
                0x20000200                . = (. + _Min_Heap_Size)
 *fill*         0x20000000      0x200 
                0x20000600                . = (. + _Min_Stack_Size)
 *fill*         0x20000200      0x400 
                0x20000600                . = ALIGN (0x8)

.ARM.attributes
                0x00000000       0x2c
 *(.ARM.attributes)
 .ARM.attributes
                0x00000000       0x2e E:/Make/BlynkLed/out/main.o
 .ARM.attributes
                0x0000002e       0x21 E:/Make/BlynkLed/out/startup_stm32f40xx.o
LOAD E:/Make/BlynkLed/out/main.o
LOAD E:/Make/BlynkLed/out/startup_stm32f40xx.o
OUTPUT(E:/Make/BlynkLed/out/BLYNKLED.elf elf32-littlearm)
LOAD linker stubs

.debug_info     0x00000000      0x375
 .debug_info    0x00000000      0x375 E:/Make/BlynkLed/out/main.o

.debug_abbrev   0x00000000      0x118
 .debug_abbrev  0x00000000      0x118 E:/Make/BlynkLed/out/main.o

.debug_aranges  0x00000000       0x20
 .debug_aranges
                0x00000000       0x20 E:/Make/BlynkLed/out/main.o

.debug_line     0x00000000      0x168
 .debug_line    0x00000000      0x168 E:/Make/BlynkLed/out/main.o

.debug_str      0x00000000      0x234
 .debug_str     0x00000000      0x234 E:/Make/BlynkLed/out/main.o
                                0x276 (size before relaxing)

.comment        0x00000000       0x4d
 .comment       0x00000000       0x4d E:/Make/BlynkLed/out/main.o
                                 0x4e (size before relaxing)

.debug_frame    0x00000000       0x98
 .debug_frame   0x00000000       0x98 E:/Make/BlynkLed/out/main.o
